------------------------------------------------------------
Timing Analyzer Summary
------------------------------------------------------------

Type  : Slow 1100mV 85C Model Setup 'clock'
Slack : -2.887
TNS   : -148.713

Type  : Slow 1100mV 85C Model Hold 'clock'
Slack : 0.401
TNS   : 0.000

Type  : Slow 1100mV 85C Model Minimum Pulse Width 'clock'
Slack : -0.724
TNS   : -98.895

Type  : Slow 1100mV 0C Model Setup 'clock'
Slack : -2.898
TNS   : -142.599

Type  : Slow 1100mV 0C Model Hold 'clock'
Slack : 0.385
TNS   : 0.000

Type  : Slow 1100mV 0C Model Minimum Pulse Width 'clock'
Slack : -0.724
TNS   : -98.980

Type  : Fast 1100mV 85C Model Setup 'clock'
Slack : -0.563
TNS   : -16.265

Type  : Fast 1100mV 85C Model Hold 'clock'
Slack : 0.176
TNS   : 0.000

Type  : Fast 1100mV 85C Model Minimum Pulse Width 'clock'
Slack : -0.092
TNS   : -7.815

Type  : Fast 1100mV 0C Model Setup 'clock'
Slack : -0.447
TNS   : -10.311

Type  : Fast 1100mV 0C Model Hold 'clock'
Slack : 0.168
TNS   : 0.000

Type  : Fast 1100mV 0C Model Minimum Pulse Width 'clock'
Slack : -0.091
TNS   : -7.799

------------------------------------------------------------
